seb,2875,862,correct,Thu Nov  6 22:28:07 2025
seb,4982,992,correct,Thu Nov  6 22:28:07 2025
seb,3274,8,correct,Thu Nov  6 22:28:07 2025
seb,4940,540,correct,Thu Nov  6 22:28:07 2025
seb,3354,168,correct,Thu Nov  6 22:28:08 2025
seb,2717,31,correct,Thu Nov  6 22:28:08 2025
seb,2225,957,correct,Thu Nov  6 22:28:08 2025
seb,2520,336,correct,Thu Nov  6 22:28:08 2025
seb,4668,54,correct,Thu Nov  6 22:28:09 2025
seb,3550,631,correct,Thu Nov  6 22:28:09 2025
seb,1736,608,correct,Thu Nov  6 22:28:09 2025
seb,3642,188,correct,Thu Nov  6 22:28:09 2025
seb,4485,249,correct,Thu Nov  6 22:28:10 2025
seb,2915,118,correct,Thu Nov  6 22:28:10 2025
seb,3597,158,correct,Thu Nov  6 22:28:10 2025
seb,3482,634,correct,Thu Nov  6 22:28:10 2025
seb,4591,775,correct,Thu Nov  6 22:28:11 2025
seb,2800,649,correct,Thu Nov  6 22:28:11 2025
seb,1858,244,correct,Thu Nov  6 22:28:11 2025
seb,1825,516,correct,Thu Nov  6 22:28:11 2025
seb,4235,824,correct,Thu Nov  6 22:28:12 2025
seb,2614,592,correct,Thu Nov  6 22:28:12 2025
seb,2251,389,correct,Thu Nov  6 22:28:12 2025
seb,4150,627,correct,Thu Nov  6 22:28:12 2025
seb,4172,757,correct,Thu Nov  6 22:28:13 2025
seb,3576,403,correct,Thu Nov  6 22:28:13 2025
seb,2889,399,correct,Thu Nov  6 22:28:13 2025
nicolas,1770,377,correct,Thu Nov  6 22:29:16 2025
nicolas,2110,630,correct,Thu Nov  6 22:29:17 2025
nicolas,2436,289,correct,Thu Nov  6 22:29:17 2025
nicolas,3277,417,correct,Thu Nov  6 22:29:17 2025
nicolas,3627,148,correct,Thu Nov  6 22:29:17 2025
nicolas,4858,218,correct,Thu Nov  6 22:29:18 2025
nicolas,1949,540,correct,Thu Nov  6 22:29:18 2025
nicolas,3683,600,correct,Thu Nov  6 22:29:18 2025
nicolas,3166,221,correct,Thu Nov  6 22:29:18 2025
seb,3258,607,correct,Thu Nov  6 22:30:56 2025
seb,1829,743,correct,Thu Nov  6 22:30:57 2025
laurent,2323,485,correct,Thu Nov  6 22:36:36 2025
laurent,4294,619,correct,Thu Nov  6 22:36:36 2025
laurent,4746,273,correct,Thu Nov  6 22:36:37 2025
laurent,3985,992,correct,Thu Nov  6 22:36:37 2025
laurent,1497,501,correct,Thu Nov  6 22:36:37 2025
seb,1496,748,correct,Thu Nov  6 22:38:20 2025
seb,4016,735,correct,Thu Nov  6 22:38:30 2025
seb,2261,607,correct,Thu Nov  6 22:38:35 2025
seb,4142,4,correct,Thu Nov  6 22:38:39 2025
seb,1810,198,correct,Thu Nov  6 22:38:44 2025
seb,2329,835,correct,Thu Nov  6 22:38:48 2025
seb,1141,744,correct,Thu Nov  6 22:38:52 2025
seb,2331,981,correct,Thu Nov  6 22:38:56 2025
seb,4614,143,correct,Thu Nov  6 22:38:57 2025
seb,4816,516,correct,Thu Nov  6 22:38:58 2025
seb,4599,153,correct,Thu Nov  6 22:38:59 2025
seb,3626,434,correct,Thu Nov  6 22:38:59 2025
seb,2014,876,correct,Thu Nov  6 22:39:00 2025
seb,4654,285,correct,Thu Nov  6 22:39:01 2025
seb,3054,599,correct,Thu Nov  6 22:39:02 2025
seb,1398,118,correct,Thu Nov  6 22:39:03 2025
seb,2737,520,correct,Thu Nov  6 22:39:04 2025
seb,4799,910,correct,Thu Nov  6 22:39:05 2025
seb,3921,682,correct,Thu Nov  6 22:39:05 2025
seb,2981,712,correct,Thu Nov  6 22:39:06 2025
seb,3900,28,correct,Thu Nov  6 22:39:07 2025
seb,1663,285,correct,Thu Nov  6 22:39:08 2025
seb,2093,337,correct,Thu Nov  6 22:39:09 2025
seb,3854,533,correct,Thu Nov  6 22:39:09 2025
seb,4882,962,correct,Thu Nov  6 22:39:10 2025
seb,4429,337,correct,Thu Nov  6 22:39:11 2025
seb,1354,43,correct,Thu Nov  6 22:39:12 2025
seb,4051,599,correct,Thu Nov  6 22:39:12 2025
seb,3421,877,correct,Thu Nov  6 22:39:13 2025
seb,2434,271,correct,Thu Nov  6 22:39:14 2025
seb,3724,205,correct,Thu Nov  6 22:39:15 2025
seb,4735,296,correct,Thu Nov  6 22:39:16 2025
seb,3137,214,correct,Thu Nov  6 22:39:16 2025
seb,3096,581,correct,Thu Nov  6 22:39:17 2025
seb,4111,761,correct,Thu Nov  6 22:39:18 2025
seb,2276,676,correct,Thu Nov  6 22:39:19 2025
seb,3996,204,correct,Thu Nov  6 22:39:20 2025
seb,1787,974,correct,Thu Nov  6 22:39:20 2025
seb,3075,713,correct,Thu Nov  6 22:39:21 2025
seb,3074,636,correct,Thu Nov  6 22:39:22 2025
seb,1512,390,correct,Thu Nov  6 22:39:23 2025
seb,3208,5,correct,Thu Nov  6 22:39:24 2025
seb,3476,515,correct,Thu Nov  6 22:39:24 2025
seb,4441,785,correct,Thu Nov  6 22:39:25 2025
seb,4215,638,correct,Thu Nov  6 22:39:26 2025
seb,2045,661,correct,Thu Nov  6 22:39:27 2025
seb,2549,660,correct,Thu Nov  6 22:39:27 2025
seb,2061,816,correct,Thu Nov  6 22:39:28 2025
seb,1566,904,correct,Thu Nov  6 22:39:29 2025
seb,3134,945,correct,Thu Nov  6 22:39:29 2025
seb,2142,856,correct,Thu Nov  6 22:39:30 2025
seb,3009,115,correct,Thu Nov  6 22:39:31 2025
seb,1164,173,correct,Thu Nov  6 22:39:32 2025
seb,3196,458,correct,Thu Nov  6 22:39:33 2025
seb,3128,132,correct,Thu Nov  6 22:39:33 2025
jk,3283,808,correct,Thu Nov  6 22:40:34 2025
jk,4832,262,correct,Thu Nov  6 22:40:34 2025
jk,4325,981,correct,Thu Nov  6 22:40:34 2025
jk,2865,142,correct,Thu Nov  6 22:40:35 2025
seb,3176,87,correct,Thu Nov  6 22:42:12 2025
seb,3072,981,correct,Thu Nov  6 22:42:14 2025
seb,3674,625,correct,Thu Nov  6 22:42:15 2025
seb,4892,395,correct,Thu Nov  6 22:42:16 2025
seb,1841,262,correct,Thu Nov  6 22:42:17 2025
seb,2318,222,correct,Thu Nov  6 22:42:18 2025
seb,3584,891,correct,Thu Nov  6 22:42:20 2025
seb,2590,166,correct,Thu Nov  6 22:42:21 2025
seb,3673,732,correct,Thu Nov  6 22:42:22 2025
seb,2401,809,correct,Thu Nov  6 22:42:24 2025
seb,2675,210,correct,Thu Nov  6 22:42:25 2025
seb,3351,849,correct,Thu Nov  6 22:42:26 2025
seb,2694,219,correct,Thu Nov  6 22:42:27 2025
seb,1558,842,correct,Thu Nov  6 22:42:28 2025
seb,4523,680,correct,Thu Nov  6 22:42:30 2025
seb,2949,107,correct,Thu Nov  6 22:42:31 2025
seb,2050,296,correct,Thu Nov  6 22:42:32 2025
seb,4465,155,correct,Thu Nov  6 22:42:33 2025
seb,1997,14,correct,Thu Nov  6 22:42:34 2025
seb,3509,671,correct,Thu Nov  6 22:42:36 2025
seb,3920,181,correct,Thu Nov  6 22:42:37 2025
seb,4468,550,correct,Thu Nov  6 22:42:38 2025
seb,2026,473,correct,Thu Nov  6 22:42:39 2025
seb,4253,136,correct,Thu Nov  6 22:42:41 2025
seb,2941,452,correct,Thu Nov  6 22:42:42 2025
seb,4827,764,correct,Thu Nov  6 22:42:43 2025
seb,4880,474,correct,Thu Nov  6 22:42:44 2025
seb,2192,941,correct,Thu Nov  6 22:42:46 2025
seb,2561,575,correct,Thu Nov  6 22:42:47 2025
seb,2138,744,correct,Thu Nov  6 22:42:48 2025
seb,3958,418,correct,Thu Nov  6 22:42:49 2025
seb,3574,67,correct,Thu Nov  6 22:42:51 2025
seb,4256,647,correct,Thu Nov  6 22:42:52 2025
seb,3059,455,correct,Thu Nov  6 22:42:53 2025
seb,4992,140,correct,Thu Nov  6 22:42:54 2025
seb,2083,682,correct,Thu Nov  6 22:42:56 2025
seb,4612,287,correct,Thu Nov  6 22:42:57 2025
seb,1793,215,correct,Thu Nov  6 22:42:58 2025
laurent,2049,151,correct,Thu Nov  6 22:42:59 2025
seb,2825,437,correct,Thu Nov  6 22:42:59 2025
laurent,2419,193,correct,Thu Nov  6 22:43:00 2025
seb,3796,60,correct,Thu Nov  6 22:43:01 2025
laurent,2865,142,correct,Thu Nov  6 22:43:01 2025
seb,4974,612,correct,Thu Nov  6 22:43:02 2025
laurent,3683,600,correct,Thu Nov  6 22:43:03 2025
seb,3199,394,correct,Thu Nov  6 22:43:03 2025
sebibi,2925,53,correct,Thu Nov  6 22:43:03 2025
laurent,3090,337,correct,Thu Nov  6 22:43:04 2025
seb,3071,402,correct,Thu Nov  6 22:43:04 2025
sebibi,1879,129,correct,Thu Nov  6 22:43:05 2025
laurent,3334,734,correct,Thu Nov  6 22:43:05 2025
seb,4324,73,correct,Thu Nov  6 22:43:06 2025
sebibi,3205,612,correct,Thu Nov  6 22:43:06 2025
laurent,1054,554,correct,Thu Nov  6 22:43:07 2025
seb,2159,560,correct,Thu Nov  6 22:43:07 2025
sebibi,2276,676,correct,Thu Nov  6 22:43:07 2025
choey,4176,311,correct,Thu Nov  6 22:43:07 2025
laurent,2308,265,correct,Thu Nov  6 22:43:08 2025
seb,1741,721,correct,Thu Nov  6 22:43:08 2025
sebibi,4418,877,correct,Thu Nov  6 22:43:08 2025
choey,1741,721,correct,Thu Nov  6 22:43:09 2025
laurent,4445,210,correct,Thu Nov  6 22:43:09 2025
seb,3678,926,correct,Thu Nov  6 22:43:10 2025
sebibi,4362,555,correct,Thu Nov  6 22:43:10 2025
choey,1475,326,correct,Thu Nov  6 22:43:10 2025
laurent,3051,32,correct,Thu Nov  6 22:43:10 2025
seb,2006,650,correct,Thu Nov  6 22:43:11 2025
sebibi,1388,182,correct,Thu Nov  6 22:43:11 2025
choey,2170,290,correct,Thu Nov  6 22:43:11 2025
laurent,4633,264,correct,Thu Nov  6 22:43:11 2025
coco,1323,759,correct,Thu Nov  6 22:43:12 2025
seb,1884,48,correct,Thu Nov  6 22:43:12 2025
sebibi,2132,233,correct,Thu Nov  6 22:43:12 2025
laurent,3421,877,correct,Thu Nov  6 22:43:13 2025
choey,3990,5,correct,Thu Nov  6 22:43:13 2025
coco,2617,738,correct,Thu Nov  6 22:43:13 2025
seb,3956,551,correct,Thu Nov  6 22:43:13 2025
sebibi,1854,386,correct,Thu Nov  6 22:43:14 2025
laurent,2656,723,correct,Thu Nov  6 22:43:14 2025
choey,2469,682,correct,Thu Nov  6 22:43:14 2025
coco,3807,869,correct,Thu Nov  6 22:43:14 2025
laurent,4404,164,correct,Thu Nov  6 22:43:15 2025
seb,3976,491,correct,Thu Nov  6 22:43:15 2025
sebibi,3213,741,correct,Thu Nov  6 22:43:15 2025
choey,2346,12,correct,Thu Nov  6 22:43:15 2025
coco,4715,770,correct,Thu Nov  6 22:43:15 2025
laurent,2886,474,correct,Thu Nov  6 22:43:16 2025
seb,4211,620,correct,Thu Nov  6 22:43:16 2025
sebibi,3338,657,correct,Thu Nov  6 22:43:16 2025
choey,4570,155,correct,Thu Nov  6 22:43:16 2025
coco,3967,121,correct,Thu Nov  6 22:43:17 2025
laurent,2943,172,correct,Thu Nov  6 22:43:17 2025
seb,2504,575,correct,Thu Nov  6 22:43:17 2025
choey,2766,51,correct,Thu Nov  6 22:43:17 2025
sebibi,3333,731,correct,Thu Nov  6 22:43:18 2025
coco,1841,262,correct,Thu Nov  6 22:43:18 2025
laurent,4140,735,correct,Thu Nov  6 22:43:19 2025
choey,2055,762,correct,Thu Nov  6 22:43:19 2025
seb,1112,135,correct,Thu Nov  6 22:43:19 2025
sebibi,1305,302,correct,Thu Nov  6 22:43:19 2025
coco,3258,607,correct,Thu Nov  6 22:43:19 2025
laurent,4563,378,correct,Thu Nov  6 22:43:20 2025
choey,1135,233,correct,Thu Nov  6 22:43:20 2025
sebibi,3674,625,correct,Thu Nov  6 22:43:20 2025
seb,1073,673,correct,Thu Nov  6 22:43:20 2025
coco,4549,842,correct,Thu Nov  6 22:43:21 2025
choey,4214,953,correct,Thu Nov  6 22:43:21 2025
laurent,3464,28,correct,Thu Nov  6 22:43:21 2025
seb,2154,306,correct,Thu Nov  6 22:43:21 2025
sebibi,3236,933,correct,Thu Nov  6 22:43:21 2025
coco,4821,720,correct,Thu Nov  6 22:43:22 2025
choey,1281,904,correct,Thu Nov  6 22:43:22 2025
laurent,1132,753,correct,Thu Nov  6 22:43:22 2025
seb,1655,427,correct,Thu Nov  6 22:43:23 2025
sebibi,4994,285,correct,Thu Nov  6 22:43:23 2025
coco,4270,676,correct,Thu Nov  6 22:43:23 2025
choey,1086,682,correct,Thu Nov  6 22:43:24 2025
seb,3938,452,correct,Thu Nov  6 22:43:24 2025
laurent,2465,171,correct,Thu Nov  6 22:43:24 2025
sebibi,3531,266,correct,Thu Nov  6 22:43:24 2025
coco,3594,775,correct,Thu Nov  6 22:43:25 2025
choey,1704,996,correct,Thu Nov  6 22:43:25 2025
laurent,4042,117,correct,Thu Nov  6 22:43:25 2025
seb,2295,140,correct,Thu Nov  6 22:43:25 2025
sebibi,2978,347,correct,Thu Nov  6 22:43:25 2025
coco,4572,149,correct,Thu Nov  6 22:43:26 2025
choey,4292,397,correct,Thu Nov  6 22:43:26 2025
sebibi,2842,141,correct,Thu Nov  6 22:43:26 2025
seb,1095,506,correct,Thu Nov  6 22:43:26 2025
laurent,3345,687,correct,Thu Nov  6 22:43:26 2025
coco,2255,565,correct,Thu Nov  6 22:43:27 2025
sebibi,4850,523,correct,Thu Nov  6 22:43:27 2025
choey,3630,954,correct,Thu Nov  6 22:43:27 2025
laurent,2664,238,correct,Thu Nov  6 22:43:28 2025
seb,2562,171,correct,Thu Nov  6 22:43:28 2025
coco,2896,856,correct,Thu Nov  6 22:43:28 2025
choey,1516,842,correct,Thu Nov  6 22:43:29 2025
seb,1941,623,correct,Thu Nov  6 22:43:29 2025
laurent,4270,676,correct,Thu Nov  6 22:43:29 2025
sebibi,2744,365,correct,Thu Nov  6 22:43:29 2025
coco,3961,778,correct,Thu Nov  6 22:43:30 2025
choey,1031,724,correct,Thu Nov  6 22:43:30 2025
laurent,2567,291,correct,Thu Nov  6 22:43:30 2025
seb,2833,764,correct,Thu Nov  6 22:43:30 2025
sebibi,4652,837,correct,Thu Nov  6 22:43:30 2025
coco,4293,701,correct,Thu Nov  6 22:43:31 2025
choey,2116,587,correct,Thu Nov  6 22:43:31 2025
seb,3564,291,correct,Thu Nov  6 22:43:31 2025
laurent,1567,782,correct,Thu Nov  6 22:43:31 2025
sebibi,1085,737,correct,Thu Nov  6 22:43:31 2025
coco,4373,844,correct,Thu Nov  6 22:43:32 2025
choey,2886,474,correct,Thu Nov  6 22:43:32 2025
seb,1353,210,correct,Thu Nov  6 22:43:33 2025
laurent,4002,18,correct,Thu Nov  6 22:43:33 2025
sebibi,3156,560,correct,Thu Nov  6 22:43:33 2025
coco,3657,285,correct,Thu Nov  6 22:43:34 2025
choey,1435,786,correct,Thu Nov  6 22:43:34 2025
seb,1913,595,correct,Thu Nov  6 22:43:34 2025
sebibi,1849,253,correct,Thu Nov  6 22:43:34 2025
laurent,2025,446,correct,Thu Nov  6 22:43:34 2025
coco,3804,198,correct,Thu Nov  6 22:43:35 2025
laurent,1956,371,correct,Thu Nov  6 22:43:35 2025
choey,1839,993,correct,Thu Nov  6 22:43:35 2025
sebibi,3938,452,correct,Thu Nov  6 22:43:35 2025
seb,4369,780,correct,Thu Nov  6 22:43:35 2025
coco,3618,454,correct,Thu Nov  6 22:43:36 2025
sebibi,3207,772,correct,Thu Nov  6 22:43:36 2025
choey,1807,212,correct,Thu Nov  6 22:43:36 2025
laurent,3156,560,correct,Thu Nov  6 22:43:36 2025
seb,2188,25,correct,Thu Nov  6 22:43:36 2025
coco,4856,606,correct,Thu Nov  6 22:43:37 2025
choey,4724,757,correct,Thu Nov  6 22:43:37 2025
laurent,2276,676,correct,Thu Nov  6 22:43:38 2025
sebibi,2384,839,correct,Thu Nov  6 22:43:38 2025
seb,2536,475,correct,Thu Nov  6 22:43:38 2025
choey,4979,942,correct,Thu Nov  6 22:43:39 2025
laurent,4821,720,correct,Thu Nov  6 22:43:39 2025
coco,4170,211,correct,Thu Nov  6 22:43:39 2025
sebibi,2384,839,correct,Thu Nov  6 22:43:39 2025
seb,3136,832,correct,Thu Nov  6 22:43:39 2025
laurent,1453,731,correct,Thu Nov  6 22:43:40 2025
choey,4334,885,correct,Thu Nov  6 22:43:40 2025
seb,3584,891,correct,Thu Nov  6 22:43:40 2025
sebibi,3004,819,correct,Thu Nov  6 22:43:40 2025
coco,2174,128,correct,Thu Nov  6 22:43:40 2025
laurent,2318,222,correct,Thu Nov  6 22:43:41 2025
choey,3443,958,correct,Thu Nov  6 22:43:41 2025
seb,3787,215,correct,Thu Nov  6 22:43:41 2025
coco,2773,992,correct,Thu Nov  6 22:43:42 2025
sebibi,2847,52,correct,Thu Nov  6 22:43:42 2025
laurent,2194,782,correct,Thu Nov  6 22:43:42 2025
choey,3564,291,correct,Thu Nov  6 22:43:43 2025
seb,4118,34,correct,Thu Nov  6 22:43:43 2025
coco,1975,882,correct,Thu Nov  6 22:43:43 2025
sebibi,3292,140,correct,Thu Nov  6 22:43:43 2025
laurent,1504,990,correct,Thu Nov  6 22:43:44 2025
seb,3230,19,correct,Thu Nov  6 22:43:44 2025
choey,4546,211,correct,Thu Nov  6 22:43:44 2025
coco,4238,390,correct,Thu Nov  6 22:43:44 2025
sebibi,1366,543,correct,Thu Nov  6 22:43:44 2025
laurent,3068,620,correct,Thu Nov  6 22:43:45 2025
seb,1697,219,correct,Thu Nov  6 22:43:45 2025
choey,2674,54,correct,Thu Nov  6 22:43:45 2025
coco,3115,185,correct,Thu Nov  6 22:43:45 2025
sebibi,3900,28,correct,Thu Nov  6 22:43:46 2025
laurent,3087,436,correct,Thu Nov  6 22:43:46 2025
seb,1231,318,correct,Thu Nov  6 22:43:47 2025
choey,4003,243,correct,Thu Nov  6 22:43:47 2025
coco,2734,855,correct,Thu Nov  6 22:43:47 2025
sebibi,4095,335,correct,Thu Nov  6 22:43:47 2025
laurent,4815,868,correct,Thu Nov  6 22:43:47 2025
seb,4882,962,correct,Thu Nov  6 22:43:48 2025
choey,2318,222,correct,Thu Nov  6 22:43:48 2025
sebibi,2406,848,correct,Thu Nov  6 22:43:48 2025
coco,3336,809,correct,Thu Nov  6 22:43:48 2025
laurent,3346,93,correct,Thu Nov  6 22:43:49 2025
seb,1527,950,correct,Thu Nov  6 22:43:49 2025
choey,2013,476,correct,Thu Nov  6 22:43:49 2025
sebibi,2385,182,correct,Thu Nov  6 22:43:49 2025
coco,4161,137,correct,Thu Nov  6 22:43:49 2025
laurent,4550,637,correct,Thu Nov  6 22:43:50 2025
seb,1983,612,correct,Thu Nov  6 22:43:50 2025
coco,4084,436,correct,Thu Nov  6 22:43:50 2025
choey,3822,437,correct,Thu Nov  6 22:43:50 2025
sebibi,3540,594,correct,Thu Nov  6 22:43:50 2025
laurent,1138,212,correct,Thu Nov  6 22:43:51 2025
seb,4461,28,correct,Thu Nov  6 22:43:52 2025
sebibi,4177,140,correct,Thu Nov  6 22:43:52 2025
coco,1007,385,correct,Thu Nov  6 22:43:52 2025
choey,3819,516,correct,Thu Nov  6 22:43:52 2025
laurent,4399,594,correct,Thu Nov  6 22:43:53 2025
seb,2306,109,correct,Thu Nov  6 22:43:53 2025
choey,2853,865,correct,Thu Nov  6 22:43:53 2025
coco,3109,327,correct,Thu Nov  6 22:43:53 2025
sebibi,2502,831,correct,Thu Nov  6 22:43:53 2025
laurent,2814,707,correct,Thu Nov  6 22:43:54 2025
seb,2394,831,correct,Thu Nov  6 22:43:54 2025
sebibi,3635,985,correct,Thu Nov  6 22:43:54 2025
choey,3783,690,correct,Thu Nov  6 22:43:54 2025
coco,3944,482,correct,Thu Nov  6 22:43:54 2025
seb,2264,346,correct,Thu Nov  6 22:43:55 2025
laurent,2720,651,correct,Thu Nov  6 22:43:55 2025
sebibi,1552,660,correct,Thu Nov  6 22:43:55 2025
coco,1588,666,correct,Thu Nov  6 22:43:55 2025
choey,2610,813,correct,Thu Nov  6 22:43:56 2025
sebibi,1226,378,correct,Thu Nov  6 22:43:57 2025
seb,2777,319,correct,Thu Nov  6 22:43:57 2025
coco,2466,624,correct,Thu Nov  6 22:43:57 2025
laurent,3951,743,correct,Thu Nov  6 22:43:57 2025
choey,4525,79,correct,Thu Nov  6 22:43:57 2025
sebibi,1486,7,correct,Thu Nov  6 22:43:58 2025
seb,4023,952,correct,Thu Nov  6 22:43:58 2025
laurent,1908,38,correct,Thu Nov  6 22:43:58 2025
coco,2157,277,correct,Thu Nov  6 22:43:58 2025
choey,2943,172,correct,Thu Nov  6 22:43:58 2025
seb,1737,855,correct,Thu Nov  6 22:43:59 2025
sebibi,1434,366,correct,Thu Nov  6 22:43:59 2025
coco,4838,783,correct,Thu Nov  6 22:43:59 2025
laurent,2286,808,correct,Thu Nov  6 22:43:59 2025
choey,1488,634,correct,Thu Nov  6 22:44:00 2025
seb,2211,5,correct,Thu Nov  6 22:44:00 2025
sebibi,1653,213,correct,Thu Nov  6 22:44:00 2025
coco,4526,393,correct,Thu Nov  6 22:44:00 2025
laurent,2631,138,correct,Thu Nov  6 22:44:01 2025
choey,3642,188,correct,Thu Nov  6 22:44:01 2025
seb,4214,953,correct,Thu Nov  6 22:44:01 2025
sebibi,4479,634,correct,Thu Nov  6 22:44:01 2025
laurent,3812,776,correct,Thu Nov  6 22:44:02 2025
coco,1133,306,correct,Thu Nov  6 22:44:02 2025
choey,2408,842,correct,Thu Nov  6 22:44:02 2025
sebibi,1159,627,correct,Thu Nov  6 22:44:02 2025
seb,1543,968,correct,Thu Nov  6 22:44:03 2025
coco,2485,634,correct,Thu Nov  6 22:44:03 2025
choey,4313,165,correct,Thu Nov  6 22:44:03 2025
laurent,4509,315,correct,Thu Nov  6 22:44:03 2025
sebibi,1898,804,correct,Thu Nov  6 22:44:04 2025
seb,2858,276,correct,Thu Nov  6 22:44:04 2025
coco,1335,570,correct,Thu Nov  6 22:44:04 2025
choey,2309,787,correct,Thu Nov  6 22:44:04 2025
laurent,4271,8,correct,Thu Nov  6 22:44:04 2025
sebibi,1198,306,correct,Thu Nov  6 22:44:05 2025
seb,4905,16,correct,Thu Nov  6 22:44:05 2025
coco,1646,340,correct,Thu Nov  6 22:44:05 2025
laurent,4738,365,correct,Thu Nov  6 22:44:05 2025
choey,1286,1,correct,Thu Nov  6 22:44:06 2025
sebibi,4755,619,correct,Thu Nov  6 22:44:06 2025
seb,3087,436,correct,Thu Nov  6 22:44:06 2025
coco,1456,918,correct,Thu Nov  6 22:44:06 2025
laurent,4400,848,correct,Thu Nov  6 22:44:07 2025
choey,1387,839,correct,Thu Nov  6 22:44:07 2025
seb,3582,666,correct,Thu Nov  6 22:44:07 2025
sebibi,2451,210,correct,Thu Nov  6 22:44:08 2025
coco,3139,856,correct,Thu Nov  6 22:44:08 2025
laurent,3219,778,correct,Thu Nov  6 22:44:08 2025
choey,3953,273,correct,Thu Nov  6 22:44:08 2025
seb,1844,871,correct,Thu Nov  6 22:44:09 2025
sebibi,1309,109,correct,Thu Nov  6 22:44:09 2025
coco,4867,636,correct,Thu Nov  6 22:44:09 2025
laurent,3068,620,correct,Thu Nov  6 22:44:09 2025
choey,2296,617,correct,Thu Nov  6 22:44:09 2025
seb,3510,842,correct,Thu Nov  6 22:44:10 2025
coco,2252,154,correct,Thu Nov  6 22:44:10 2025
sebibi,3694,82,correct,Thu Nov  6 22:44:10 2025
laurent,3611,592,correct,Thu Nov  6 22:44:11 2025
choey,1337,784,correct,Thu Nov  6 22:44:11 2025
seb,1865,606,correct,Thu Nov  6 22:44:11 2025
coco,4190,233,correct,Thu Nov  6 22:44:11 2025
sebibi,2417,706,correct,Thu Nov  6 22:44:12 2025
laurent,4327,836,correct,Thu Nov  6 22:44:12 2025
choey,3944,482,correct,Thu Nov  6 22:44:12 2025
seb,3574,67,correct,Thu Nov  6 22:44:13 2025
coco,2575,411,correct,Thu Nov  6 22:44:13 2025
sebibi,1203,23,correct,Thu Nov  6 22:44:13 2025
laurent,4953,551,correct,Thu Nov  6 22:44:13 2025
choey,3979,793,correct,Thu Nov  6 22:44:13 2025
coco,2997,91,correct,Thu Nov  6 22:44:14 2025
seb,4318,712,correct,Thu Nov  6 22:44:14 2025
laurent,4360,710,correct,Thu Nov  6 22:44:14 2025
sebibi,1447,29,correct,Thu Nov  6 22:44:14 2025
choey,4055,816,correct,Thu Nov  6 22:44:14 2025
coco,1545,287,correct,Thu Nov  6 22:44:15 2025
seb,4176,311,correct,Thu Nov  6 22:44:15 2025
laurent,2367,259,correct,Thu Nov  6 22:44:15 2025
sebibi,3711,470,correct,Thu Nov  6 22:44:15 2025
choey,3900,28,correct,Thu Nov  6 22:44:16 2025
coco,2179,87,correct,Thu Nov  6 22:44:16 2025
laurent,4217,378,correct,Thu Nov  6 22:44:16 2025
seb,2651,161,correct,Thu Nov  6 22:44:16 2025
sebibi,3289,325,correct,Thu Nov  6 22:44:17 2025
choey,2642,870,correct,Thu Nov  6 22:44:17 2025
laurent,4737,173,correct,Thu Nov  6 22:44:17 2025
coco,3291,266,correct,Thu Nov  6 22:44:18 2025
seb,4975,712,correct,Thu Nov  6 22:44:18 2025
sebibi,2771,222,correct,Thu Nov  6 22:44:18 2025
choey,4475,305,correct,Thu Nov  6 22:44:18 2025
coco,3366,603,correct,Thu Nov  6 22:44:19 2025
laurent,4050,618,correct,Thu Nov  6 22:44:19 2025
seb,1153,509,correct,Thu Nov  6 22:44:19 2025
sebibi,4271,8,correct,Thu Nov  6 22:44:19 2025
choey,4934,943,correct,Thu Nov  6 22:44:19 2025
laurent,3667,59,correct,Thu Nov  6 22:44:20 2025
coco,1773,675,correct,Thu Nov  6 22:44:20 2025
seb,4857,41,correct,Thu Nov  6 22:44:20 2025
sebibi,2849,785,correct,Thu Nov  6 22:44:20 2025
choey,3715,782,correct,Thu Nov  6 22:44:21 2025
laurent,1580,67,correct,Thu Nov  6 22:44:21 2025
seb,2152,272,correct,Thu Nov  6 22:44:21 2025
coco,1649,570,correct,Thu Nov  6 22:44:21 2025
sebibi,1144,886,correct,Thu Nov  6 22:44:22 2025
choey,4368,184,correct,Thu Nov  6 22:44:22 2025
laurent,3947,791,correct,Thu Nov  6 22:44:22 2025
seb,3783,690,correct,Thu Nov  6 22:44:23 2025
coco,3873,129,correct,Thu Nov  6 22:44:23 2025
sebibi,1328,603,correct,Thu Nov  6 22:44:23 2025
choey,2449,171,correct,Thu Nov  6 22:44:23 2025
laurent,1464,790,correct,Thu Nov  6 22:44:24 2025
coco,4135,886,correct,Thu Nov  6 22:44:24 2025
seb,2895,804,correct,Thu Nov  6 22:44:24 2025
sebibi,3120,83,correct,Thu Nov  6 22:44:24 2025
choey,2036,660,correct,Thu Nov  6 22:44:24 2025
laurent,3898,315,correct,Thu Nov  6 22:44:25 2025
coco,2835,896,correct,Thu Nov  6 22:44:25 2025
seb,2208,612,correct,Thu Nov  6 22:44:25 2025
sebibi,3784,432,correct,Thu Nov  6 22:44:25 2025
choey,2994,14,correct,Thu Nov  6 22:44:26 2025
seb,3224,397,correct,Thu Nov  6 22:44:26 2025
coco,1310,372,correct,Thu Nov  6 22:44:26 2025
laurent,1407,166,correct,Thu Nov  6 22:44:27 2025
sebibi,4968,498,correct,Thu Nov  6 22:44:27 2025
choey,1860,533,correct,Thu Nov  6 22:44:27 2025
seb,1082,959,correct,Thu Nov  6 22:44:27 2025
coco,2053,420,correct,Thu Nov  6 22:44:28 2025
sebibi,1481,582,correct,Thu Nov  6 22:44:28 2025
laurent,3638,703,correct,Thu Nov  6 22:44:28 2025
choey,2127,464,correct,Thu Nov  6 22:44:28 2025
seb,1565,171,correct,Thu Nov  6 22:44:29 2025
coco,4667,262,correct,Thu Nov  6 22:44:29 2025
sebibi,3798,857,correct,Thu Nov  6 22:44:29 2025
laurent,3704,989,correct,Thu Nov  6 22:44:29 2025
choey,3643,570,correct,Thu Nov  6 22:44:29 2025
coco,2034,206,correct,Thu Nov  6 22:44:30 2025
seb,3486,739,correct,Thu Nov  6 22:44:30 2025
laurent,1510,376,correct,Thu Nov  6 22:44:30 2025
sebibi,1360,168,correct,Thu Nov  6 22:44:31 2025
choey,2516,618,correct,Thu Nov  6 22:44:31 2025
seb,1494,249,correct,Thu Nov  6 22:44:31 2025
coco,2603,488,correct,Thu Nov  6 22:44:31 2025
laurent,1755,273,correct,Thu Nov  6 22:44:32 2025
sebibi,3031,206,correct,Thu Nov  6 22:44:32 2025
choey,3833,993,correct,Thu Nov  6 22:44:32 2025
coco,4808,707,correct,Thu Nov  6 22:44:33 2025
seb,1962,551,correct,Thu Nov  6 22:44:33 2025
laurent,1501,570,correct,Thu Nov  6 22:44:33 2025
sebibi,2134,271,correct,Thu Nov  6 22:44:33 2025
choey,2526,636,correct,Thu Nov  6 22:44:33 2025
coco,1828,437,correct,Thu Nov  6 22:44:34 2025
seb,2194,782,correct,Thu Nov  6 22:44:34 2025
laurent,2554,176,correct,Thu Nov  6 22:44:34 2025
choey,3790,377,correct,Thu Nov  6 22:44:34 2025
sebibi,1714,917,correct,Thu Nov  6 22:44:34 2025
coco,3369,276,correct,Thu Nov  6 22:44:35 2025
laurent,2851,386,correct,Thu Nov  6 22:44:35 2025
seb,1180,799,correct,Thu Nov  6 22:44:35 2025
choey,3147,509,correct,Thu Nov  6 22:44:36 2025
sebibi,3891,561,correct,Thu Nov  6 22:44:36 2025
coco,2592,327,correct,Thu Nov  6 22:44:36 2025
seb,2544,6,correct,Thu Nov  6 22:44:37 2025
laurent,1153,509,correct,Thu Nov  6 22:44:37 2025
choey,2261,607,correct,Thu Nov  6 22:44:37 2025
sebibi,4924,965,correct,Thu Nov  6 22:44:37 2025
coco,2702,769,correct,Thu Nov  6 22:44:37 2025
laurent,4633,264,correct,Thu Nov  6 22:44:38 2025
seb,1959,273,correct,Thu Nov  6 22:44:38 2025
choey,2521,899,correct,Thu Nov  6 22:44:38 2025
sebibi,1224,638,correct,Thu Nov  6 22:44:38 2025
coco,3564,291,correct,Thu Nov  6 22:44:39 2025
seb,2099,581,correct,Thu Nov  6 22:44:39 2025
laurent,1185,311,correct,Thu Nov  6 22:44:39 2025
choey,4173,87,correct,Thu Nov  6 22:44:39 2025
sebibi,4356,971,correct,Thu Nov  6 22:44:40 2025
coco,4454,47,correct,Thu Nov  6 22:44:40 2025
seb,1898,804,correct,Thu Nov  6 22:44:40 2025
laurent,2302,302,correct,Thu Nov  6 22:44:40 2025
choey,2909,16,correct,Thu Nov  6 22:44:40 2025
sebibi,2358,63,correct,Thu Nov  6 22:44:41 2025
coco,4943,107,correct,Thu Nov  6 22:44:41 2025
seb,1153,509,correct,Thu Nov  6 22:44:42 2025
laurent,4545,908,correct,Thu Nov  6 22:44:42 2025
choey,3494,789,correct,Thu Nov  6 22:44:42 2025
sebibi,4771,319,correct,Thu Nov  6 22:44:42 2025
coco,1204,1,correct,Thu Nov  6 22:44:42 2025
laurent,3594,775,correct,Thu Nov  6 22:44:43 2025
seb,1752,949,correct,Thu Nov  6 22:44:43 2025
choey,4760,51,correct,Thu Nov  6 22:44:43 2025
sebibi,3321,712,correct,Thu Nov  6 22:44:43 2025
coco,2776,385,correct,Thu Nov  6 22:44:44 2025
seb,2470,939,correct,Thu Nov  6 22:44:44 2025
laurent,3158,173,correct,Thu Nov  6 22:44:44 2025
choey,3170,629,correct,Thu Nov  6 22:44:44 2025
sebibi,3891,561,correct,Thu Nov  6 22:44:45 2025
coco,3776,902,correct,Thu Nov  6 22:44:45 2025
seb,2619,88,correct,Thu Nov  6 22:44:45 2025
laurent,3343,12,correct,Thu Nov  6 22:44:45 2025
choey,4355,142,correct,Thu Nov  6 22:44:46 2025
sebibi,1595,327,correct,Thu Nov  6 22:44:46 2025
coco,1891,962,correct,Thu Nov  6 22:44:46 2025
seb,1968,457,correct,Thu Nov  6 22:44:47 2025
choey,4267,80,correct,Thu Nov  6 22:44:47 2025
laurent,4632,985,correct,Thu Nov  6 22:44:47 2025
sebibi,2819,553,correct,Thu Nov  6 22:44:47 2025
coco,3682,296,correct,Thu Nov  6 22:44:48 2025
choey,4745,978,correct,Thu Nov  6 22:44:48 2025
seb,3265,270,correct,Thu Nov  6 22:44:48 2025
laurent,2138,744,correct,Thu Nov  6 22:44:48 2025
sebibi,2878,969,correct,Thu Nov  6 22:44:48 2025
seb,1860,533,correct,Thu Nov  6 22:44:49 2025
coco,1846,111,correct,Thu Nov  6 22:44:49 2025
choey,2160,200,correct,Thu Nov  6 22:44:49 2025
laurent,2816,494,correct,Thu Nov  6 22:44:49 2025
sebibi,4629,904,correct,Thu Nov  6 22:44:50 2025
seb,1599,74,correct,Thu Nov  6 22:44:50 2025
coco,1808,910,correct,Thu Nov  6 22:44:50 2025
choey,4405,575,correct,Thu Nov  6 22:44:51 2025
laurent,3496,363,correct,Thu Nov  6 22:44:51 2025
sebibi,2135,212,correct,Thu Nov  6 22:44:51 2025
seb,3313,287,correct,Thu Nov  6 22:44:52 2025
coco,3505,367,correct,Thu Nov  6 22:44:52 2025
choey,1482,515,correct,Thu Nov  6 22:44:52 2025
laurent,3173,211,correct,Thu Nov  6 22:44:52 2025
sebibi,2144,692,correct,Thu Nov  6 22:44:52 2025
seb,3001,385,correct,Thu Nov  6 22:44:53 2025
coco,4392,811,correct,Thu Nov  6 22:44:53 2025
choey,4438,29,correct,Thu Nov  6 22:44:53 2025
laurent,1266,227,correct,Thu Nov  6 22:44:53 2025
sebibi,1994,0,correct,Thu Nov  6 22:44:53 2025
seb,3801,212,correct,Thu Nov  6 22:44:54 2025
coco,3886,399,correct,Thu Nov  6 22:44:54 2025
choey,4418,877,correct,Thu Nov  6 22:44:54 2025
laurent,1095,506,correct,Thu Nov  6 22:44:54 2025
sebibi,3450,918,correct,Thu Nov  6 22:44:54 2025
seb,2781,790,correct,Thu Nov  6 22:44:55 2025
coco,4790,972,correct,Thu Nov  6 22:44:55 2025
laurent,1624,454,correct,Thu Nov  6 22:44:56 2025
choey,3247,142,correct,Thu Nov  6 22:44:56 2025
sebibi,4230,786,correct,Thu Nov  6 22:44:56 2025
seb,1970,661,correct,Thu Nov  6 22:44:57 2025
coco,2562,171,correct,Thu Nov  6 22:44:57 2025
sebibi,1558,842,correct,Thu Nov  6 22:44:57 2025
laurent,3311,938,correct,Thu Nov  6 22:44:57 2025
choey,4585,646,correct,Thu Nov  6 22:44:57 2025
coco,2301,153,correct,Thu Nov  6 22:44:58 2025
seb,3454,417,correct,Thu Nov  6 22:44:58 2025
laurent,4602,852,correct,Thu Nov  6 22:44:58 2025
choey,1447,29,correct,Thu Nov  6 22:44:58 2025
sebibi,3066,879,correct,Thu Nov  6 22:44:58 2025
seb,1835,725,correct,Thu Nov  6 22:44:59 2025
coco,4063,879,correct,Thu Nov  6 22:44:59 2025
choey,4961,661,correct,Thu Nov  6 22:45:00 2025
laurent,2510,447,correct,Thu Nov  6 22:45:00 2025
sebibi,2915,118,correct,Thu Nov  6 22:45:00 2025
seb,4273,375,correct,Thu Nov  6 22:45:01 2025
coco,2543,594,correct,Thu Nov  6 22:45:01 2025
choey,3209,670,correct,Thu Nov  6 22:45:01 2025
laurent,4768,225,correct,Thu Nov  6 22:45:01 2025
sebibi,3688,4,correct,Thu Nov  6 22:45:01 2025
seb,3527,840,correct,Thu Nov  6 22:45:02 2025
coco,1838,896,correct,Thu Nov  6 22:45:02 2025
laurent,2309,787,correct,Thu Nov  6 22:45:02 2025
choey,4907,377,correct,Thu Nov  6 22:45:02 2025
sebibi,3505,367,correct,Thu Nov  6 22:45:02 2025
seb,2093,337,correct,Thu Nov  6 22:45:03 2025
coco,4687,743,correct,Thu Nov  6 22:45:03 2025
laurent,1216,775,correct,Thu Nov  6 22:45:03 2025
choey,2986,967,correct,Thu Nov  6 22:45:03 2025
sebibi,1130,464,correct,Thu Nov  6 22:45:04 2025
coco,2748,211,correct,Thu Nov  6 22:45:04 2025
seb,4816,516,correct,Thu Nov  6 22:45:05 2025
choey,4113,855,correct,Thu Nov  6 22:45:05 2025
laurent,1441,856,correct,Thu Nov  6 22:45:05 2025
sebibi,4353,687,correct,Thu Nov  6 22:45:05 2025
coco,3059,455,correct,Thu Nov  6 22:45:06 2025
seb,1575,173,correct,Thu Nov  6 22:45:06 2025
choey,3992,30,correct,Thu Nov  6 22:45:06 2025
sebibi,1654,161,correct,Thu Nov  6 22:45:06 2025
laurent,4034,610,correct,Thu Nov  6 22:45:06 2025
coco,4217,378,correct,Thu Nov  6 22:45:07 2025
seb,4947,371,correct,Thu Nov  6 22:45:07 2025
choey,3055,707,correct,Thu Nov  6 22:45:07 2025
sebibi,1311,265,correct,Thu Nov  6 22:45:07 2025
laurent,1347,163,correct,Thu Nov  6 22:45:07 2025
coco,2826,743,correct,Thu Nov  6 22:45:08 2025
seb,2924,682,correct,Thu Nov  6 22:45:08 2025
sebibi,2452,604,correct,Thu Nov  6 22:45:09 2025
choey,2069,879,correct,Thu Nov  6 22:45:09 2025
laurent,2725,861,correct,Thu Nov  6 22:45:09 2025
coco,2475,607,correct,Thu Nov  6 22:45:09 2025
seb,2315,291,correct,Thu Nov  6 22:45:10 2025
sebibi,1515,671,correct,Thu Nov  6 22:45:10 2025
choey,1832,692,correct,Thu Nov  6 22:45:10 2025
laurent,3220,378,correct,Thu Nov  6 22:45:10 2025
coco,2842,141,correct,Thu Nov  6 22:45:11 2025
seb,2173,629,correct,Thu Nov  6 22:45:11 2025
sebibi,2968,193,correct,Thu Nov  6 22:45:11 2025
choey,4352,63,correct,Thu Nov  6 22:45:11 2025
laurent,1572,378,correct,Thu Nov  6 22:45:11 2025
coco,3331,784,correct,Thu Nov  6 22:45:12 2025
seb,3212,310,correct,Thu Nov  6 22:45:12 2025
choey,1628,310,correct,Thu Nov  6 22:45:12 2025
sebibi,3718,770,correct,Thu Nov  6 22:45:12 2025
laurent,3502,482,correct,Thu Nov  6 22:45:12 2025
coco,2027,565,correct,Thu Nov  6 22:45:13 2025
seb,4774,558,correct,Thu Nov  6 22:45:13 2025
choey,2782,603,correct,Thu Nov  6 22:45:13 2025
sebibi,2489,739,correct,Thu Nov  6 22:45:14 2025
laurent,1824,868,correct,Thu Nov  6 22:45:14 2025
coco,4601,722,correct,Thu Nov  6 22:45:14 2025
seb,4456,474,correct,Thu Nov  6 22:45:15 2025
sebibi,4794,649,correct,Thu Nov  6 22:45:15 2025
choey,3634,4,correct,Thu Nov  6 22:45:15 2025
laurent,2193,662,correct,Thu Nov  6 22:45:15 2025
coco,2556,637,correct,Thu Nov  6 22:45:16 2025
sebibi,1065,455,correct,Thu Nov  6 22:45:16 2025
choey,4083,193,correct,Thu Nov  6 22:45:16 2025
seb,4139,562,correct,Thu Nov  6 22:45:16 2025
laurent,4651,615,correct,Thu Nov  6 22:45:16 2025
coco,3852,244,correct,Thu Nov  6 22:45:17 2025
sebibi,3001,385,correct,Thu Nov  6 22:45:17 2025
choey,1678,210,correct,Thu Nov  6 22:45:17 2025
seb,3120,83,correct,Thu Nov  6 22:45:17 2025
laurent,2337,734,correct,Thu Nov  6 22:45:18 2025
coco,4010,804,correct,Thu Nov  6 22:45:18 2025
sebibi,4837,111,correct,Thu Nov  6 22:45:19 2025
choey,2558,613,correct,Thu Nov  6 22:45:19 2025
seb,4354,48,correct,Thu Nov  6 22:45:19 2025
laurent,3092,598,correct,Thu Nov  6 22:45:19 2025
coco,2113,530,correct,Thu Nov  6 22:45:19 2025
sebibi,2138,744,correct,Thu Nov  6 22:45:20 2025
choey,3542,519,correct,Thu Nov  6 22:45:20 2025
seb,2320,759,correct,Thu Nov  6 22:45:20 2025
laurent,3533,475,correct,Thu Nov  6 22:45:20 2025
coco,4195,1,correct,Thu Nov  6 22:45:21 2025
sebibi,2032,76,correct,Thu Nov  6 22:45:21 2025
choey,4944,791,correct,Thu Nov  6 22:45:21 2025
seb,1747,365,correct,Thu Nov  6 22:45:21 2025
laurent,2920,851,correct,Thu Nov  6 22:45:21 2025
coco,2267,966,correct,Thu Nov  6 22:45:22 2025
sebibi,3495,570,correct,Thu Nov  6 22:45:22 2025
seb,2171,712,correct,Thu Nov  6 22:45:22 2025
choey,1456,918,correct,Thu Nov  6 22:45:22 2025
laurent,4876,962,correct,Thu Nov  6 22:45:23 2025
coco,1280,8,correct,Thu Nov  6 22:45:23 2025
sebibi,1235,724,correct,Thu Nov  6 22:45:24 2025
seb,1411,842,correct,Thu Nov  6 22:45:24 2025
laurent,2042,138,correct,Thu Nov  6 22:45:24 2025
choey,4790,972,correct,Thu Nov  6 22:45:24 2025
coco,1633,148,correct,Thu Nov  6 22:45:24 2025
laurent,4735,296,correct,Thu Nov  6 22:45:25 2025
sebibi,1527,950,correct,Thu Nov  6 22:45:25 2025
seb,4259,9,correct,Thu Nov  6 22:45:25 2025
choey,4350,3,correct,Thu Nov  6 22:45:25 2025
coco,2594,291,correct,Thu Nov  6 22:45:26 2025
laurent,2808,786,correct,Thu Nov  6 22:45:26 2025
sebibi,2834,488,correct,Thu Nov  6 22:45:26 2025
choey,1206,207,correct,Thu Nov  6 22:45:26 2025
seb,2086,602,correct,Thu Nov  6 22:45:26 2025
coco,4522,594,correct,Thu Nov  6 22:45:27 2025
laurent,3915,596,correct,Thu Nov  6 22:45:27 2025
sebibi,2347,993,correct,Thu Nov  6 22:45:27 2025
seb,2134,271,correct,Thu Nov  6 22:45:27 2025
choey,2435,337,correct,Thu Nov  6 22:45:28 2025
coco,1919,758,correct,Thu Nov  6 22:45:28 2025
sebibi,3301,459,correct,Thu Nov  6 22:45:29 2025
laurent,1908,38,correct,Thu Nov  6 22:45:29 2025
seb,3217,953,correct,Thu Nov  6 22:45:29 2025
choey,1250,477,correct,Thu Nov  6 22:45:29 2025
coco,4767,992,correct,Thu Nov  6 22:45:30 2025
seb,1157,306,correct,Thu Nov  6 22:45:30 2025
sebibi,3893,856,correct,Thu Nov  6 22:45:30 2025
laurent,2755,289,correct,Thu Nov  6 22:45:30 2025
choey,1060,599,correct,Thu Nov  6 22:45:30 2025
coco,4032,457,correct,Thu Nov  6 22:45:31 2025
seb,4686,672,correct,Thu Nov  6 22:45:31 2025
laurent,3758,619,correct,Thu Nov  6 22:45:31 2025
sebibi,4392,811,correct,Thu Nov  6 22:45:31 2025
choey,2360,48,correct,Thu Nov  6 22:45:31 2025
coco,1216,775,correct,Thu Nov  6 22:45:32 2025
seb,1105,35,correct,Thu Nov  6 22:45:32 2025
laurent,3525,594,correct,Thu Nov  6 22:45:32 2025
sebibi,2628,994,correct,Thu Nov  6 22:45:33 2025
choey,4579,666,correct,Thu Nov  6 22:45:33 2025
coco,3517,336,correct,Thu Nov  6 22:45:33 2025
seb,3732,589,correct,Thu Nov  6 22:45:34 2025
laurent,3652,162,correct,Thu Nov  6 22:45:34 2025
sebibi,4322,274,correct,Thu Nov  6 22:45:34 2025
choey,2187,275,correct,Thu Nov  6 22:45:34 2025
coco,1755,273,correct,Thu Nov  6 22:45:35 2025
laurent,4149,305,correct,Thu Nov  6 22:45:35 2025
seb,4236,514,correct,Thu Nov  6 22:45:35 2025
sebibi,3096,581,correct,Thu Nov  6 22:45:35 2025
choey,3258,607,correct,Thu Nov  6 22:45:35 2025
laurent,4969,754,correct,Thu Nov  6 22:45:36 2025
seb,3745,211,correct,Thu Nov  6 22:45:36 2025
coco,1338,416,correct,Thu Nov  6 22:45:36 2025
sebibi,3240,701,correct,Thu Nov  6 22:45:36 2025
choey,2881,48,correct,Thu Nov  6 22:45:37 2025
seb,1354,43,correct,Thu Nov  6 22:45:37 2025
laurent,3844,52,correct,Thu Nov  6 22:45:37 2025
coco,4578,335,correct,Thu Nov  6 22:45:37 2025
sebibi,3644,263,correct,Thu Nov  6 22:45:37 2025
choey,3689,672,correct,Thu Nov  6 22:45:38 2025
seb,1294,254,correct,Thu Nov  6 22:45:38 2025
laurent,1855,764,correct,Thu Nov  6 22:45:38 2025
coco,4331,734,correct,Thu Nov  6 22:45:39 2025
sebibi,4493,363,correct,Thu Nov  6 22:45:39 2025
choey,2816,494,correct,Thu Nov  6 22:45:39 2025
seb,1250,477,correct,Thu Nov  6 22:45:39 2025
coco,4345,43,correct,Thu Nov  6 22:45:40 2025
laurent,4918,682,correct,Thu Nov  6 22:45:40 2025
sebibi,1962,551,correct,Thu Nov  6 22:45:40 2025
choey,1800,722,correct,Thu Nov  6 22:45:40 2025
seb,1685,695,correct,Thu Nov  6 22:45:41 2025
coco,4626,406,correct,Thu Nov  6 22:45:41 2025
laurent,1302,701,correct,Thu Nov  6 22:45:41 2025
sebibi,2108,868,correct,Thu Nov  6 22:45:41 2025
choey,2093,337,correct,Thu Nov  6 22:45:42 2025
seb,1732,432,correct,Thu Nov  6 22:45:42 2025
coco,3044,192,correct,Thu Nov  6 22:45:42 2025
laurent,2689,857,correct,Thu Nov  6 22:45:42 2025
sebibi,1213,772,correct,Thu Nov  6 22:45:43 2025
choey,1582,403,correct,Thu Nov  6 22:45:43 2025
seb,2724,892,correct,Thu Nov  6 22:45:43 2025
coco,2192,941,correct,Thu Nov  6 22:45:43 2025
laurent,1971,193,correct,Thu Nov  6 22:45:43 2025
sebibi,2731,561,correct,Thu Nov  6 22:45:44 2025
choey,2685,296,correct,Thu Nov  6 22:45:44 2025
coco,1469,624,correct,Thu Nov  6 22:45:44 2025
laurent,4893,883,correct,Thu Nov  6 22:45:44 2025
seb,1170,137,correct,Thu Nov  6 22:45:45 2025
sebibi,4194,23,correct,Thu Nov  6 22:45:45 2025
choey,2662,80,correct,Thu Nov  6 22:45:45 2025
laurent,3030,600,correct,Thu Nov  6 22:45:46 2025
coco,2039,488,correct,Thu Nov  6 22:45:46 2025
seb,3067,673,correct,Thu Nov  6 22:45:46 2025
sebibi,2442,710,correct,Thu Nov  6 22:45:46 2025
choey,1352,93,correct,Thu Nov  6 22:45:47 2025
seb,1285,228,correct,Thu Nov  6 22:45:47 2025
laurent,2811,368,correct,Thu Nov  6 22:45:47 2025
coco,4565,84,correct,Thu Nov  6 22:45:47 2025
sebibi,2219,724,correct,Thu Nov  6 22:45:48 2025
choey,4708,470,correct,Thu Nov  6 22:45:48 2025
laurent,2007,819,correct,Thu Nov  6 22:45:48 2025
seb,2183,140,correct,Thu Nov  6 22:45:48 2025
coco,4779,539,correct,Thu Nov  6 22:45:49 2025
sebibi,2204,439,correct,Thu Nov  6 22:45:49 2025
choey,3530,787,correct,Thu Nov  6 22:45:49 2025
laurent,4541,868,correct,Thu Nov  6 22:45:50 2025
seb,4650,723,correct,Thu Nov  6 22:45:50 2025
coco,1374,960,correct,Thu Nov  6 22:45:50 2025
sebibi,1604,714,correct,Thu Nov  6 22:45:50 2025
choey,2330,73,correct,Thu Nov  6 22:45:50 2025
laurent,3589,327,correct,Thu Nov  6 22:45:51 2025
seb,4573,403,correct,Thu Nov  6 22:45:51 2025
coco,4025,626,correct,Thu Nov  6 22:45:51 2025
sebibi,3173,211,correct,Thu Nov  6 22:45:51 2025
choey,3582,666,correct,Thu Nov  6 22:45:52 2025
laurent,2604,707,correct,Thu Nov  6 22:45:52 2025
seb,2102,35,correct,Thu Nov  6 22:45:52 2025
coco,2053,420,correct,Thu Nov  6 22:45:52 2025
sebibi,2515,315,correct,Thu Nov  6 22:45:53 2025
choey,3550,631,correct,Thu Nov  6 22:45:53 2025
laurent,4237,701,correct,Thu Nov  6 22:45:53 2025
seb,3123,721,correct,Thu Nov  6 22:45:54 2025
coco,1962,551,correct,Thu Nov  6 22:45:54 2025
sebibi,3018,948,correct,Thu Nov  6 22:45:54 2025
choey,4512,373,correct,Thu Nov  6 22:45:54 2025
laurent,2743,173,correct,Thu Nov  6 22:45:55 2025
sebibi,3657,285,correct,Thu Nov  6 22:45:55 2025
seb,3077,379,correct,Thu Nov  6 22:45:55 2025
coco,2687,295,correct,Thu Nov  6 22:45:55 2025
choey,3231,790,correct,Thu Nov  6 22:45:56 2025
laurent,2110,630,correct,Thu Nov  6 22:45:56 2025
sebibi,3086,193,correct,Thu Nov  6 22:45:56 2025
seb,2191,620,correct,Thu Nov  6 22:45:56 2025
coco,2781,790,correct,Thu Nov  6 22:45:56 2025
choey,1817,707,correct,Thu Nov  6 22:45:57 2025
laurent,2108,868,correct,Thu Nov  6 22:45:57 2025
seb,1823,881,correct,Thu Nov  6 22:45:57 2025
coco,1427,877,correct,Thu Nov  6 22:45:57 2025
sebibi,3045,117,correct,Thu Nov  6 22:45:58 2025
choey,1137,271,correct,Thu Nov  6 22:45:58 2025
laurent,1128,246,correct,Thu Nov  6 22:45:58 2025
seb,2114,972,correct,Thu Nov  6 22:45:59 2025
coco,2977,178,correct,Thu Nov  6 22:45:59 2025
sebibi,2791,335,correct,Thu Nov  6 22:45:59 2025
choey,1873,25,correct,Thu Nov  6 22:45:59 2025
laurent,2745,64,correct,Thu Nov  6 22:46:00 2025
seb,2240,632,correct,Thu Nov  6 22:46:00 2025
sebibi,3762,273,correct,Thu Nov  6 22:46:00 2025
coco,1205,394,correct,Thu Nov  6 22:46:00 2025
choey,1187,348,correct,Thu Nov  6 22:46:00 2025
laurent,1206,207,correct,Thu Nov  6 22:46:01 2025
seb,2452,604,correct,Thu Nov  6 22:46:01 2025
coco,1629,934,correct,Thu Nov  6 22:46:01 2025
sebibi,1427,877,correct,Thu Nov  6 22:46:01 2025
choey,1326,485,correct,Thu Nov  6 22:46:02 2025
laurent,1728,861,correct,Thu Nov  6 22:46:02 2025
seb,2152,272,correct,Thu Nov  6 22:46:02 2025
sebibi,2940,943,correct,Thu Nov  6 22:46:02 2025
coco,4702,321,correct,Thu Nov  6 22:46:03 2025
choey,4470,630,correct,Thu Nov  6 22:46:03 2025
laurent,2952,921,correct,Thu Nov  6 22:46:03 2025
seb,2429,155,correct,Thu Nov  6 22:46:04 2025
coco,2753,88,correct,Thu Nov  6 22:46:04 2025
sebibi,4574,831,correct,Thu Nov  6 22:46:04 2025
choey,2280,417,correct,Thu Nov  6 22:46:04 2025
laurent,1098,598,correct,Thu Nov  6 22:46:05 2025
seb,3595,689,correct,Thu Nov  6 22:46:05 2025
coco,3238,824,correct,Thu Nov  6 22:46:05 2025
sebibi,1582,403,correct,Thu Nov  6 22:46:05 2025
choey,3502,482,correct,Thu Nov  6 22:46:05 2025
laurent,2057,599,correct,Thu Nov  6 22:46:06 2025
seb,3198,1,correct,Thu Nov  6 22:46:06 2025
sebibi,3970,209,correct,Thu Nov  6 22:46:06 2025
coco,2126,721,correct,Thu Nov  6 22:46:06 2025
choey,3980,857,correct,Thu Nov  6 22:46:07 2025
laurent,1485,166,correct,Thu Nov  6 22:46:07 2025
seb,1780,319,correct,Thu Nov  6 22:46:07 2025
sebibi,2113,530,correct,Thu Nov  6 22:46:07 2025
coco,1048,661,correct,Thu Nov  6 22:46:08 2025
choey,4401,930,correct,Thu Nov  6 22:46:08 2025
laurent,2698,189,correct,Thu Nov  6 22:46:08 2025
sebibi,1503,170,correct,Thu Nov  6 22:46:09 2025
seb,3743,269,correct,Thu Nov  6 22:46:09 2025
coco,3992,30,correct,Thu Nov  6 22:46:09 2025
choey,3553,637,correct,Thu Nov  6 22:46:09 2025
sebibi,3035,457,correct,Thu Nov  6 22:46:10 2025
laurent,2821,868,correct,Thu Nov  6 22:46:10 2025
seb,4763,687,correct,Thu Nov  6 22:46:10 2025
coco,3989,1,correct,Thu Nov  6 22:46:10 2025
choey,4964,121,correct,Thu Nov  6 22:46:11 2025
sebibi,3332,416,correct,Thu Nov  6 22:46:11 2025
laurent,4030,660,correct,Thu Nov  6 22:46:11 2025
seb,2989,996,correct,Thu Nov  6 22:46:11 2025
coco,4691,82,correct,Thu Nov  6 22:46:11 2025
choey,4952,524,correct,Thu Nov  6 22:46:12 2025
sebibi,4324,73,correct,Thu Nov  6 22:46:12 2025
laurent,4983,996,correct,Thu Nov  6 22:46:12 2025
seb,1541,39,correct,Thu Nov  6 22:46:12 2025
coco,2758,54,correct,Thu Nov  6 22:46:13 2025
choey,1257,240,correct,Thu Nov  6 22:46:13 2025
laurent,2805,910,correct,Thu Nov  6 22:46:13 2025
sebibi,3655,837,correct,Thu Nov  6 22:46:14 2025
seb,1990,983,correct,Thu Nov  6 22:46:14 2025
coco,1389,308,correct,Thu Nov  6 22:46:14 2025
choey,2249,408,correct,Thu Nov  6 22:46:14 2025
laurent,4690,385,correct,Thu Nov  6 22:46:15 2025
seb,3303,109,correct,Thu Nov  6 22:46:15 2025
sebibi,1557,176,correct,Thu Nov  6 22:46:15 2025
coco,3055,707,correct,Thu Nov  6 22:46:15 2025
choey,3048,554,correct,Thu Nov  6 22:46:16 2025
sebibi,2858,276,correct,Thu Nov  6 22:46:16 2025
seb,2711,917,correct,Thu Nov  6 22:46:16 2025
laurent,3382,182,correct,Thu Nov  6 22:46:16 2025
coco,1027,482,correct,Thu Nov  6 22:46:16 2025
choey,4237,701,correct,Thu Nov  6 22:46:17 2025
laurent,2204,439,correct,Thu Nov  6 22:46:17 2025
seb,3029,76,correct,Thu Nov  6 22:46:17 2025
sebibi,3519,523,correct,Thu Nov  6 22:46:17 2025
coco,2337,734,correct,Thu Nov  6 22:46:18 2025
choey,2097,674,correct,Thu Nov  6 22:46:18 2025
seb,1549,141,correct,Thu Nov  6 22:46:19 2025
laurent,2687,295,correct,Thu Nov  6 22:46:19 2025
sebibi,3720,390,correct,Thu Nov  6 22:46:19 2025
coco,2593,208,correct,Thu Nov  6 22:46:19 2025
choey,4177,140,correct,Thu Nov  6 22:46:19 2025
seb,4498,575,correct,Thu Nov  6 22:46:20 2025
laurent,3563,972,correct,Thu Nov  6 22:46:20 2025
sebibi,3890,125,correct,Thu Nov  6 22:46:20 2025
coco,1270,966,correct,Thu Nov  6 22:46:20 2025
choey,4070,726,correct,Thu Nov  6 22:46:21 2025
laurent,1508,482,correct,Thu Nov  6 22:46:21 2025
seb,2913,377,correct,Thu Nov  6 22:46:21 2025
sebibi,1733,757,correct,Thu Nov  6 22:46:21 2025
coco,3843,253,correct,Thu Nov  6 22:46:22 2025
choey,4671,625,correct,Thu Nov  6 22:46:22 2025
laurent,3877,909,correct,Thu Nov  6 22:46:22 2025
seb,3700,962,correct,Thu Nov  6 22:46:23 2025
sebibi,4870,129,correct,Thu Nov  6 22:46:23 2025
coco,2138,744,correct,Thu Nov  6 22:46:23 2025
choey,2675,210,correct,Thu Nov  6 22:46:23 2025
laurent,1335,570,correct,Thu Nov  6 22:46:23 2025
seb,3756,40,correct,Thu Nov  6 22:46:24 2025
sebibi,3367,405,correct,Thu Nov  6 22:46:24 2025
coco,3819,516,correct,Thu Nov  6 22:46:24 2025
choey,4569,411,correct,Thu Nov  6 22:46:24 2025
laurent,1066,231,correct,Thu Nov  6 22:46:25 2025
seb,2745,64,correct,Thu Nov  6 22:46:25 2025
sebibi,2518,373,correct,Thu Nov  6 22:46:25 2025
coco,1717,470,correct,Thu Nov  6 22:46:25 2025
choey,4562,757,correct,Thu Nov  6 22:46:26 2025
laurent,2457,417,correct,Thu Nov  6 22:46:26 2025
seb,4576,223,correct,Thu Nov  6 22:46:26 2025
sebibi,1161,254,correct,Thu Nov  6 22:46:27 2025
coco,1975,882,correct,Thu Nov  6 22:46:27 2025
choey,4349,563,correct,Thu Nov  6 22:46:27 2025
laurent,4875,48,correct,Thu Nov  6 22:46:27 2025
seb,1289,808,correct,Thu Nov  6 22:46:27 2025
sebibi,1219,741,correct,Thu Nov  6 22:46:28 2025
coco,4897,28,correct,Thu Nov  6 22:46:28 2025
choey,3101,88,correct,Thu Nov  6 22:46:28 2025
laurent,2877,164,correct,Thu Nov  6 22:46:28 2025
seb,2911,16,correct,Thu Nov  6 22:46:28 2025
sebibi,3984,983,correct,Thu Nov  6 22:46:29 2025
coco,2084,806,correct,Thu Nov  6 22:46:29 2025
choey,1634,138,correct,Thu Nov  6 22:46:29 2025
laurent,3816,553,correct,Thu Nov  6 22:46:30 2025
seb,2865,142,correct,Thu Nov  6 22:46:30 2025
coco,3044,192,correct,Thu Nov  6 22:46:30 2025
sebibi,4326,570,correct,Thu Nov  6 22:46:30 2025
choey,3217,953,correct,Thu Nov  6 22:46:31 2025
laurent,4162,503,correct,Thu Nov  6 22:46:31 2025
seb,4445,210,correct,Thu Nov  6 22:46:31 2025
sebibi,3969,882,correct,Thu Nov  6 22:46:32 2025
choey,2051,554,correct,Thu Nov  6 22:46:32 2025
coco,3612,394,correct,Thu Nov  6 22:46:32 2025
laurent,1648,188,correct,Thu Nov  6 22:46:32 2025
seb,3119,391,correct,Thu Nov  6 22:46:32 2025
sebibi,1601,689,correct,Thu Nov  6 22:46:33 2025
coco,2200,23,correct,Thu Nov  6 22:46:33 2025
choey,2578,149,correct,Thu Nov  6 22:46:33 2025
laurent,3243,276,correct,Thu Nov  6 22:46:33 2025
seb,3071,402,correct,Thu Nov  6 22:46:34 2025
sebibi,1689,600,correct,Thu Nov  6 22:46:34 2025
coco,4970,979,correct,Thu Nov  6 22:46:34 2025
choey,2132,233,correct,Thu Nov  6 22:46:34 2025
laurent,2117,761,correct,Thu Nov  6 22:46:35 2025
seb,2303,71,correct,Thu Nov  6 22:46:35 2025
sebibi,1387,839,correct,Thu Nov  6 22:46:35 2025
coco,3783,690,correct,Thu Nov  6 22:46:35 2025
choey,1860,533,correct,Thu Nov  6 22:46:36 2025
laurent,3945,337,correct,Thu Nov  6 22:46:36 2025
seb,4652,837,correct,Thu Nov  6 22:46:36 2025
sebibi,3252,565,correct,Thu Nov  6 22:46:36 2025
coco,3207,772,correct,Thu Nov  6 22:46:37 2025
choey,1871,410,correct,Thu Nov  6 22:46:37 2025
laurent,3435,856,correct,Thu Nov  6 22:46:37 2025
seb,3862,142,correct,Thu Nov  6 22:46:38 2025
sebibi,3040,545,correct,Thu Nov  6 22:46:38 2025
coco,2236,786,correct,Thu Nov  6 22:46:38 2025
choey,4025,626,correct,Thu Nov  6 22:46:38 2025
laurent,4801,198,correct,Thu Nov  6 22:46:38 2025
seb,3837,305,correct,Thu Nov  6 22:46:39 2025
sebibi,3424,437,correct,Thu Nov  6 22:46:39 2025
coco,1154,233,correct,Thu Nov  6 22:46:39 2025
choey,3314,928,correct,Thu Nov  6 22:46:40 2025
laurent,4932,623,correct,Thu Nov  6 22:46:40 2025
seb,4159,444,correct,Thu Nov  6 22:46:40 2025
sebibi,3237,632,correct,Thu Nov  6 22:46:40 2025
coco,1660,615,correct,Thu Nov  6 22:46:41 2025
choey,1004,140,correct,Thu Nov  6 22:46:41 2025
laurent,2960,515,correct,Thu Nov  6 22:46:41 2025
seb,1698,99,correct,Thu Nov  6 22:46:41 2025
sebibi,1098,598,correct,Thu Nov  6 22:46:41 2025
coco,3472,607,correct,Thu Nov  6 22:46:42 2025
choey,3551,176,correct,Thu Nov  6 22:46:42 2025
laurent,3093,35,correct,Thu Nov  6 22:46:42 2025
seb,4079,114,correct,Thu Nov  6 22:46:42 2025
sebibi,3598,714,correct,Thu Nov  6 22:46:43 2025
coco,2062,455,correct,Thu Nov  6 22:46:43 2025
choey,4234,632,correct,Thu Nov  6 22:46:43 2025
laurent,3374,275,correct,Thu Nov  6 22:46:44 2025
seb,3794,722,correct,Thu Nov  6 22:46:44 2025
sebibi,3659,80,correct,Thu Nov  6 22:46:44 2025
coco,1982,491,correct,Thu Nov  6 22:46:44 2025
choey,1393,706,correct,Thu Nov  6 22:46:45 2025
seb,3999,506,correct,Thu Nov  6 22:46:45 2025
laurent,3024,565,correct,Thu Nov  6 22:46:45 2025
sebibi,2643,340,correct,Thu Nov  6 22:46:45 2025
coco,4092,523,correct,Thu Nov  6 22:46:45 2025
